I'm sorry, but errors were detected in your script. Please correct the
errors listed below, and try again.


File "game/script.rpy", line 1045: expected statement.
    journal_entries.append('I have evidence to support my decision.')
                                                                     ^

Ren'Py Version: Ren'Py 8.3.2.24090902
Sat Nov 23 00:11:24 2024
